Windows PowerShell
Copyright (C) Microsoft Corporation. All rights reserved.

Install the latest PowerShell for new features and improvements! https://aka.ms/PSWindows

PS C:\Mansi\HTML\github> git clone https://github.com/Mansi4124/TestRepo.git
Cloning into 'TestRepo'...
warning: You appear to have cloned an empty repository.
PS C:\Mansi\HTML\github> code .
PS C:\Mansi\HTML\github> git status
fatal: not a git repository (or any of the parent directories): .git
PS C:\Mansi\HTML\github> cd TestRepo
PS C:\Mansi\HTML\github\TestRepo> git status
On branch main

No commits yet

Untracked files:
  (use "git add <file>..." to include in what will be committed)
        index.html

nothing added to commit but untracked files present (use "git add" to track)
PS C:\Mansi\HTML\github\TestRepo> git add .
PS C:\Mansi\HTML\github\TestRepo> git status
On branch main

No commits yet

Changes to be committed:
  (use "git rm --cached <file>..." to unstage)
        new file:   index.html

PS C:\Mansi\HTML\github\TestRepo> git commit -m "Commit"
Author identity unknown

*** Please tell me who you are.

Run

  git config --global user.email "you@example.com"
  git config --global user.name "Your Name"

to set your account's default identity.
Omit --global to set the identity only in this repository.

fatal: unable to auto-detect email address (got 'Mansi@LAPTOP-K0F6B720.(none)')
PS C:\Mansi\HTML\github\TestRepo>  git config --global user.email "mansipatel9898.mp@gmail.com"
PS C:\Mansi\HTML\github\TestRepo> git commit -m "Commit"
[main (root-commit) 7616e95] Commit
 1 file changed, 11 insertions(+)
 create mode 100644 index.html
PS C:\Mansi\HTML\github\TestRepo> git status
On branch main
Your branch is based on 'origin/main', but the upstream is gone.
  (use "git branch --unset-upstream" to fixup)

nothing to commit, working tree clean
PS C:\Mansi\HTML\github\TestRepo> git push origin main
info: please complete authentication in your browser...
PS C:\Mansi\HTML\github\TestRepo> git push origin main
info: please complete authentication in your browser...
Enumerating objects: 3, done.
Counting objects: 100% (3/3), done.
Delta compression using up to 12 threads
Compressing objects: 100% (2/2), done.
Writing objects: 100% (3/3), 371 bytes | 371.00 KiB/s, done.
Total 3 (delta 0), reused 0 (delta 0), pack-reused 0
To https://github.com/Mansi4124/TestRepo.git
 * [new branch]      main -> main
PS C:\Mansi\HTML\github\TestRepo>  git config --global user.email "you@example.com"